[23:12:01.789][info] [#0:D:/PixelEngine/PixelSolution/PixelTool/LSP\main.lua:71]: Lua Lsp startup, root: 	D:/PixelEngine/PixelSolution/PixelTool/LSP
[23:12:01.790][info] [#0:D:/PixelEngine/PixelSolution/PixelTool/LSP\main.lua:72]: ROOT:	D:/PixelEngine/PixelSolution/PixelTool/LSP
[23:12:01.790][info] [#0:D:/PixelEngine/PixelSolution/PixelTool/LSP\main.lua:73]: LOGPATH:	D:/PixelEngine/PixelSolution/PixelTool/LSP/log
[23:12:01.790][info] [#0:D:/PixelEngine/PixelSolution/PixelTool/LSP\main.lua:74]: METAPATH:	D:/PixelEngine/PixelSolution/PixelTool/LSP/meta
[23:12:01.801][info] [#0:D:/PixelEngine/PixelSolution/PixelTool/LSP\main.lua:75]: VERSION:	3.17.1
[23:12:02.403][info] [#0:script\proto\proto.lua:260]: Listen Mode: stdio
[23:12:02.403][info] [#0:script\service\service.lua:145]: 
========= Medical Examination Report =========
    --------------- Memory ---------------
        Total: 1.912 MB
        # 00 : 1.912 MB
        # 01 : 0.000 MB
        # 02 : 0.000 MB
        # 03 : 0.000 MB
        # 04 : 0.000 MB
    --------------- Coroutine ---------------
        Total:     0
        Running:   0
        Suspended: 0
        Normal:    0
        Dead:      0
    --------------- Cache ---------------
        Total: 1
        Dead:  0
    ---------------  RPC  ---------------
        Holdon:   0
        Waiting:  0
==============================================
